<html>
<body>
<pre>
<h1>µVision Build Log</h1>
<h2>Project:</h2>
C:\Users\chetanruparel\Desktop\spi\AT91SAM7SE-EK\Blinky\Blinky.uvproj
Project File Date:  10/23/2015

<h2>Output:</h2>
Build target 'Simulator'
compiling Blinky.c...
Blinky.c(17): warning:  #47-D: incompatible redefinition of macro "PIN_USART0_RXD" (declared at line 194 of "board.h")
  #define PIN_USART0_RXD  (1 << 5)
Blinky.c(18): warning:  #47-D: incompatible redefinition of macro "PIN_USART0_TXD" (declared at line 196 of "board.h")
  #define PIN_USART0_TXD  (1 << 6)
Blinky.c(182): warning:  #111-D: statement is unreachable
        return 0;
Blinky.c(183): warning:  #1-D: last line of file ends without a newline
  }
Blinky.c(125): warning:  #177-D: variable "data" was declared but never referenced
        unsigned int data = 65;
Blinky.c: 5 warnings, 0 errors
linking...
Program Size: Code=1192 RO-data=16 RW-data=0 ZI-data=1160  
".\Flash\Blinky.axf" - 0 Error(s), 5 Warning(s).
</pre>
</body>
</html>
